mode: atomic
github.com/Denvos/core/encoding/encoding.go:12.2,13.1 1 0
github.com/Denvos/core/encoding/encoding.go:16.2,17.1 1 0
github.com/Denvos/core/encoding/ascii85/ascii85.go:11.2,12.9 2 0
github.com/Denvos/core/encoding/ascii85/ascii85.go:13.3,14.1 1 0
github.com/Denvos/core/encoding/ascii85/ascii85.go:15.2,17.21 3 0
github.com/Denvos/core/encoding/ascii85/ascii85.go:21.2,22.9 2 0
github.com/Denvos/core/encoding/ascii85/ascii85.go:23.3,24.1 1 0
github.com/Denvos/core/encoding/ascii85/ascii85.go:25.2,27.16 3 0
github.com/Denvos/core/encoding/ascii85/ascii85.go:28.3,29.1 1 0
github.com/Denvos/core/encoding/ascii85/ascii85.go:30.2,31.12 2 0
github.com/Denvos/core/encoding/ascii85/ascii85.go:35.2,36.1 1 0
github.com/Denvos/core/encoding/ascii85/ascii85.go:39.2,40.1 1 0
github.com/Denvos/core/encoding/avro/avro.go:8.2,9.1 1 0
github.com/Denvos/core/encoding/avro/avro.go:12.2,13.1 1 0
github.com/Denvos/core/encoding/avro/avro.go:16.2,17.1 1 0
github.com/Denvos/core/encoding/avro/avro.go:20.2,21.1 1 0
github.com/Denvos/core/encoding/base64/base64.go:12.2,13.9 2 0
github.com/Denvos/core/encoding/base64/base64.go:14.3,15.1 1 0
github.com/Denvos/core/encoding/base64/base64.go:16.2,18.17 3 0
github.com/Denvos/core/encoding/base64/base64.go:22.2,23.9 2 0
github.com/Denvos/core/encoding/base64/base64.go:24.3,25.1 1 0
github.com/Denvos/core/encoding/base64/base64.go:26.2,28.16 3 0
github.com/Denvos/core/encoding/base64/base64.go:29.3,30.1 1 0
github.com/Denvos/core/encoding/base64/base64.go:31.2,32.12 2 0
github.com/Denvos/core/encoding/base64/base64.go:36.2,37.1 1 0
github.com/Denvos/core/encoding/base64/base64.go:40.2,41.1 1 0
github.com/Denvos/core/encoding/bson/bson.go:8.2,9.1 1 0
github.com/Denvos/core/encoding/bson/bson.go:12.2,13.1 1 0
github.com/Denvos/core/encoding/bson/bson.go:16.2,17.1 1 0
github.com/Denvos/core/encoding/bson/bson.go:20.2,21.1 1 0
github.com/Denvos/core/encoding/csv/csv.go:13.2,14.9 2 0
github.com/Denvos/core/encoding/csv/csv.go:15.3,16.1 1 0
github.com/Denvos/core/encoding/csv/csv.go:17.2,19.28 3 0
github.com/Denvos/core/encoding/csv/csv.go:20.3,20.36 1 0
github.com/Denvos/core/encoding/csv/csv.go:21.4,22.1 1 0
github.com/Denvos/core/encoding/csv/csv.go:24.2,25.31 2 0
github.com/Denvos/core/encoding/csv/csv.go:29.2,30.9 2 0
github.com/Denvos/core/encoding/csv/csv.go:31.3,32.1 1 0
github.com/Denvos/core/encoding/csv/csv.go:33.2,35.16 3 0
github.com/Denvos/core/encoding/csv/csv.go:36.3,37.1 1 0
github.com/Denvos/core/encoding/csv/csv.go:38.2,39.12 2 0
github.com/Denvos/core/encoding/csv/csv.go:43.2,44.1 1 0
github.com/Denvos/core/encoding/csv/csv.go:47.2,48.1 1 0
github.com/Denvos/core/encoding/hcl/hcl.go:8.2,9.1 1 0
github.com/Denvos/core/encoding/hcl/hcl.go:12.2,13.1 1 0
github.com/Denvos/core/encoding/hcl/hcl.go:16.2,17.1 1 0
github.com/Denvos/core/encoding/hcl/hcl.go:20.2,21.1 1 0
github.com/Denvos/core/encoding/gob/gob.go:13.2,15.38 3 0
github.com/Denvos/core/encoding/gob/gob.go:16.3,17.1 1 0
github.com/Denvos/core/encoding/gob/gob.go:18.2,18.25 1 0
github.com/Denvos/core/encoding/gob/gob.go:22.2,24.1 2 0
github.com/Denvos/core/encoding/gob/gob.go:27.2,28.1 1 0
github.com/Denvos/core/encoding/gob/gob.go:31.2,32.1 1 0
github.com/Denvos/core/encoding/hex/hex.go:12.2,13.9 2 0
github.com/Denvos/core/encoding/hex/hex.go:14.3,15.1 1 0
github.com/Denvos/core/encoding/hex/hex.go:16.2,18.17 3 0
github.com/Denvos/core/encoding/hex/hex.go:22.2,23.9 2 0
github.com/Denvos/core/encoding/hex/hex.go:24.3,25.1 1 0
github.com/Denvos/core/encoding/hex/hex.go:26.2,28.16 3 0
github.com/Denvos/core/encoding/hex/hex.go:29.3,30.1 1 0
github.com/Denvos/core/encoding/hex/hex.go:31.2,32.12 2 0
github.com/Denvos/core/encoding/hex/hex.go:36.2,37.1 1 0
github.com/Denvos/core/encoding/hex/hex.go:40.2,41.1 1 0
github.com/Denvos/core/encoding/json/json.go:12.2,13.1 1 0
github.com/Denvos/core/encoding/json/json.go:16.2,17.1 1 0
github.com/Denvos/core/encoding/json/json.go:20.2,21.1 1 0
github.com/Denvos/core/encoding/json/json.go:24.2,25.1 1 0
github.com/Denvos/core/encoding/msgpack/msgpack.go:8.2,9.1 1 0
github.com/Denvos/core/encoding/msgpack/msgpack.go:12.2,13.1 1 0
github.com/Denvos/core/encoding/msgpack/msgpack.go:16.2,17.1 1 0
github.com/Denvos/core/encoding/msgpack/msgpack.go:20.2,21.1 1 0
github.com/Denvos/core/encoding/protobuf/protobuf.go:12.2,13.9 2 0
github.com/Denvos/core/encoding/protobuf/protobuf.go:14.3,15.1 1 0
github.com/Denvos/core/encoding/protobuf/protobuf.go:16.2,16.27 1 0
github.com/Denvos/core/encoding/protobuf/protobuf.go:20.2,21.9 2 0
github.com/Denvos/core/encoding/protobuf/protobuf.go:22.3,23.1 1 0
github.com/Denvos/core/encoding/protobuf/protobuf.go:24.2,24.35 1 0
github.com/Denvos/core/encoding/protobuf/protobuf.go:28.2,29.1 1 0
github.com/Denvos/core/encoding/protobuf/protobuf.go:32.2,33.1 1 0
github.com/Denvos/core/encoding/toml/toml.go:12.2,13.1 1 0
github.com/Denvos/core/encoding/toml/toml.go:16.2,17.1 1 0
github.com/Denvos/core/encoding/toml/toml.go:20.2,21.1 1 0
github.com/Denvos/core/encoding/toml/toml.go:24.2,25.1 1 0
github.com/Denvos/core/encoding/tsv/tsv.go:13.2,14.9 2 0
github.com/Denvos/core/encoding/tsv/tsv.go:15.3,16.1 1 0
github.com/Denvos/core/encoding/tsv/tsv.go:17.2,20.28 4 0
github.com/Denvos/core/encoding/tsv/tsv.go:21.3,21.36 1 0
github.com/Denvos/core/encoding/tsv/tsv.go:22.4,23.1 1 0
github.com/Denvos/core/encoding/tsv/tsv.go:25.2,26.31 2 0
github.com/Denvos/core/encoding/tsv/tsv.go:30.2,31.9 2 0
github.com/Denvos/core/encoding/tsv/tsv.go:32.3,33.1 1 0
github.com/Denvos/core/encoding/tsv/tsv.go:34.2,37.16 4 0
github.com/Denvos/core/encoding/tsv/tsv.go:38.3,39.1 1 0
github.com/Denvos/core/encoding/tsv/tsv.go:40.2,41.12 2 0
github.com/Denvos/core/encoding/tsv/tsv.go:45.2,46.1 1 0
github.com/Denvos/core/encoding/tsv/tsv.go:49.2,50.1 1 0
github.com/Denvos/core/encoding/xml/xml.go:12.2,13.1 1 0
github.com/Denvos/core/encoding/xml/xml.go:16.2,17.1 1 0
github.com/Denvos/core/encoding/xml/xml.go:20.2,21.1 1 0
github.com/Denvos/core/encoding/xml/xml.go:24.2,25.1 1 0
github.com/Denvos/core/encoding/yaml/yaml.go:11.2,12.1 1 0
github.com/Denvos/core/encoding/yaml/yaml.go:15.2,16.1 1 0
github.com/Denvos/core/encoding/yaml/yaml.go:19.2,20.1 1 0
github.com/Denvos/core/encoding/yaml/yaml.go:23.2,24.1 1 0
